✔ no counter request before a choice, and refusal persists without loading it (1.7845ms)
✔ accept loads the counter only then and initializes configured features with clean URLs (0.7836ms)
✔ expired, malformed, and inaccessible consent records never load analytics (0.3152ms)
✔ an in-flight script cannot initialize after refusal; refusal destructs an active counter (0.3017ms)
✔ stored acceptance is probed without extending its age; failed refusal cannot revive it on reload (0.3904ms)
✔ a saved acceptance is not honored when the same-value storage probe fails (0.1296ms)
✔ a stale script load cannot initialize after refusal and a later new consent (0.2021ms)
✔ the module is limited to production and the source masks forms and search inputs (4.8529ms)
✔ overseas demo rejects collection without reading personal data (19.9592ms)
✔ order endpoint allows POST only (0.2854ms)
✔ product route renders crawlable HTML (19.6411ms)
✔ unknown routes return real 404 (0.4547ms)
✔ canonical directory redirects preserve queries (0.4047ms)
✔ private preview robots do not index an unfinished domain (0.3607ms)
✔ configuration endpoint reports mail unavailable without secrets (0.9937ms)
✔ explicit error page returns 404 (0.3141ms)
✔ uppercase product URL canonicalizes in a single hop (0.2015ms)
ℹ tests 17
ℹ suites 0
ℹ pass 17
ℹ fail 0
ℹ cancelled 0
ℹ skipped 0
ℹ todo 0
ℹ duration_ms 133.7147
